-- The C compiler identification is GNU 11.4.0
-- The CXX compiler identification is GNU 11.4.0
-- Detecting C compiler ABI info
-- Detecting C compiler ABI info - done
-- Check for working C compiler: /usr/bin/cc - skipped
-- Detecting C compile features
-- Detecting C compile features - done
-- Detecting CXX compiler ABI info
-- Detecting CXX compiler ABI info - done
-- Check for working CXX compiler: /usr/bin/c++ - skipped
-- Detecting CXX compile features
-- Detecting CXX compile features - done
-- Found ament_cmake: 1.3.12 (/opt/ros/humble/share/ament_cmake/cmake)
-- Found Python3: /usr/bin/python3 (found version "3.10.12") found components: Interpreter 
-- Override CMake install command with custom implementation using symlinks instead of copying resources
-- Found rclcpp: 16.0.14 (/opt/ros/humble/share/rclcpp/cmake)
-- Found rosidl_generator_c: 3.1.7 (/opt/ros/humble/share/rosidl_generator_c/cmake)
-- Found rosidl_adapter: 3.1.7 (/opt/ros/humble/share/rosidl_adapter/cmake)
-- Found rosidl_generator_cpp: 3.1.7 (/opt/ros/humble/share/rosidl_generator_cpp/cmake)
-- Using all available rosidl_typesupport_c: rosidl_typesupport_fastrtps_c;rosidl_typesupport_introspection_c
-- Using all available rosidl_typesupport_cpp: rosidl_typesupport_fastrtps_cpp;rosidl_typesupport_introspection_cpp
-- Found rmw_implementation_cmake: 6.1.2 (/opt/ros/humble/share/rmw_implementation_cmake/cmake)
-- Found rmw_fastrtps_cpp: 6.2.8 (/opt/ros/humble/share/rmw_fastrtps_cpp/cmake)
-- Found OpenSSL: /usr/lib/x86_64-linux-gnu/libcrypto.so (found version "3.0.2")  
-- Found FastRTPS: /opt/ros/humble/include  
-- Using RMW implementation 'rmw_fastrtps_cpp' as default
-- Looking for pthread.h
-- Looking for pthread.h - found
-- Performing Test CMAKE_HAVE_LIBC_PTHREAD
-- Performing Test CMAKE_HAVE_LIBC_PTHREAD - Success
-- Found Threads: TRUE  
-- Found geometry_msgs: 4.9.0 (/opt/ros/humble/share/geometry_msgs/cmake)
-- Found sensor_msgs: 4.9.0 (/opt/ros/humble/share/sensor_msgs/cmake)
-- Found ament_lint_auto: 0.12.14 (/opt/ros/humble/share/ament_lint_auto/cmake)
-- Added test 'cppcheck' to perform static code analysis on C / C++ code
-- Configured cppcheck include dirs: 
-- Configured cppcheck exclude dirs and/or files: 
-- Added test 'lint_cmake' to check CMake code style
-- Added test 'uncrustify' to check C / C++ code style
-- Configured uncrustify additional arguments: 
-- Added test 'xmllint' to check XML markup files
-- Configuring done
-- Generating done
-- Build files have been written to: /home/areno/inSectWRS2025/wrs_ws/src/choreonoid_ros2_sample_drone_tutorial/build/choreonoid_ros2_sample_drone_tutorial
[ 16%] [32mBuilding CXX object src/CMakeFiles/SampleDroneFlightController.dir/SampleDroneFlightController.cpp.o[0m
[ 16%] [32mBuilding CXX object src/CMakeFiles/ResetZeroVelocityController.dir/reset_zero_velocity_controller.cpp.o[0m
[ 25%] [32mBuilding CXX object CMakeFiles/choreonoid_joy_node.dir/src/choreonoid_joy_node.cpp.o[0m
[ 33%] [32mBuilding CXX object src/CMakeFiles/TwistPublisherController.dir/TwistPublisherController.cpp.o[0m
[ 41%] [32mBuilding CXX object src/CMakeFiles/JoyTopicSubscriberController.dir/JoyTopicSubscriberController.cpp.o[0m
[ 50%] [32mBuilding CXX object src/CMakeFiles/MothcopePanTiltController.dir/MothcopePanTiltController.cpp.o[0m
[ 58%] [32m[1mLinking CXX executable node[0m
[ 58%] Built target choreonoid_joy_node
[ 66%] [32m[1mLinking CXX shared library ../lib/choreonoid-2.3/simplecontroller/TwistPublisherController.so[0m
[ 66%] Built target TwistPublisherController
[ 75%] [32m[1mLinking CXX shared library ../lib/choreonoid-2.3/simplecontroller/JoyTopicSubscriberController.so[0m
[ 83%] [32m[1mLinking CXX shared library ../lib/choreonoid-2.3/simplecontroller/MothcopePanTiltController.so[0m
[ 91%] [32m[1mLinking CXX shared library ../lib/choreonoid-2.3/simplecontroller/ResetZeroVelocityController.so[0m
[ 91%] Built target JoyTopicSubscriberController
[ 91%] Built target MothcopePanTiltController
[ 91%] Built target ResetZeroVelocityController
[100%] [32m[1mLinking CXX shared library ../lib/choreonoid-2.3/simplecontroller/SampleDroneFlightController.so[0m
[100%] Built target SampleDroneFlightController
-- Install configuration: ""
-- Execute custom install script
-- Symlinking: /home/areno/inSectWRS2025/wrs_ws/src/choreonoid_ros2_sample_drone_tutorial/install/choreonoid_ros2_sample_drone_tutorial/lib/choreonoid-2.3/simplecontroller/SampleDroneFlightController.so
-- Symlinking: /home/areno/inSectWRS2025/wrs_ws/src/choreonoid_ros2_sample_drone_tutorial/install/choreonoid_ros2_sample_drone_tutorial/lib/choreonoid-2.3/simplecontroller/TwistPublisherController.so
-- Symlinking: /home/areno/inSectWRS2025/wrs_ws/src/choreonoid_ros2_sample_drone_tutorial/install/choreonoid_ros2_sample_drone_tutorial/lib/choreonoid-2.3/simplecontroller/JoyTopicSubscriberController.so
-- Symlinking: /home/areno/inSectWRS2025/wrs_ws/src/choreonoid_ros2_sample_drone_tutorial/install/choreonoid_ros2_sample_drone_tutorial/lib/choreonoid-2.3/simplecontroller/ResetZeroVelocityController.so
-- Symlinking: /home/areno/inSectWRS2025/wrs_ws/src/choreonoid_ros2_sample_drone_tutorial/install/choreonoid_ros2_sample_drone_tutorial/lib/choreonoid-2.3/simplecontroller/MothcopePanTiltController.so
-- Symlinking: /home/areno/inSectWRS2025/wrs_ws/src/choreonoid_ros2_sample_drone_tutorial/install/choreonoid_ros2_sample_drone_tutorial/share/ament_index/resource_index/package_run_dependencies/choreonoid_ros2_sample_drone_tutorial
-- Symlinking: /home/areno/inSectWRS2025/wrs_ws/src/choreonoid_ros2_sample_drone_tutorial/install/choreonoid_ros2_sample_drone_tutorial/share/ament_index/resource_index/parent_prefix_path/choreonoid_ros2_sample_drone_tutorial
-- Symlinking: /home/areno/inSectWRS2025/wrs_ws/src/choreonoid_ros2_sample_drone_tutorial/install/choreonoid_ros2_sample_drone_tutorial/share/choreonoid_ros2_sample_drone_tutorial/environment/ament_prefix_path.sh
-- Symlinking: /home/areno/inSectWRS2025/wrs_ws/src/choreonoid_ros2_sample_drone_tutorial/install/choreonoid_ros2_sample_drone_tutorial/share/choreonoid_ros2_sample_drone_tutorial/environment/ament_prefix_path.dsv
-- Symlinking: /home/areno/inSectWRS2025/wrs_ws/src/choreonoid_ros2_sample_drone_tutorial/install/choreonoid_ros2_sample_drone_tutorial/share/choreonoid_ros2_sample_drone_tutorial/environment/path.sh
-- Symlinking: /home/areno/inSectWRS2025/wrs_ws/src/choreonoid_ros2_sample_drone_tutorial/install/choreonoid_ros2_sample_drone_tutorial/share/choreonoid_ros2_sample_drone_tutorial/environment/path.dsv
-- Symlinking: /home/areno/inSectWRS2025/wrs_ws/src/choreonoid_ros2_sample_drone_tutorial/install/choreonoid_ros2_sample_drone_tutorial/share/choreonoid_ros2_sample_drone_tutorial/local_setup.bash
-- Symlinking: /home/areno/inSectWRS2025/wrs_ws/src/choreonoid_ros2_sample_drone_tutorial/install/choreonoid_ros2_sample_drone_tutorial/share/choreonoid_ros2_sample_drone_tutorial/local_setup.sh
-- Symlinking: /home/areno/inSectWRS2025/wrs_ws/src/choreonoid_ros2_sample_drone_tutorial/install/choreonoid_ros2_sample_drone_tutorial/share/choreonoid_ros2_sample_drone_tutorial/local_setup.zsh
-- Symlinking: /home/areno/inSectWRS2025/wrs_ws/src/choreonoid_ros2_sample_drone_tutorial/install/choreonoid_ros2_sample_drone_tutorial/share/choreonoid_ros2_sample_drone_tutorial/local_setup.dsv
-- Symlinking: /home/areno/inSectWRS2025/wrs_ws/src/choreonoid_ros2_sample_drone_tutorial/install/choreonoid_ros2_sample_drone_tutorial/share/choreonoid_ros2_sample_drone_tutorial/package.dsv
-- Symlinking: /home/areno/inSectWRS2025/wrs_ws/src/choreonoid_ros2_sample_drone_tutorial/install/choreonoid_ros2_sample_drone_tutorial/share/ament_index/resource_index/packages/choreonoid_ros2_sample_drone_tutorial
-- Symlinking: /home/areno/inSectWRS2025/wrs_ws/src/choreonoid_ros2_sample_drone_tutorial/install/choreonoid_ros2_sample_drone_tutorial/share/choreonoid_ros2_sample_drone_tutorial/cmake/choreonoid_ros2_sample_drone_tutorialConfig.cmake
-- Symlinking: /home/areno/inSectWRS2025/wrs_ws/src/choreonoid_ros2_sample_drone_tutorial/install/choreonoid_ros2_sample_drone_tutorial/share/choreonoid_ros2_sample_drone_tutorial/cmake/choreonoid_ros2_sample_drone_tutorialConfig-version.cmake
-- Symlinking: /home/areno/inSectWRS2025/wrs_ws/src/choreonoid_ros2_sample_drone_tutorial/install/choreonoid_ros2_sample_drone_tutorial/share/choreonoid_ros2_sample_drone_tutorial/package.xml
-- Symlinking: /home/areno/inSectWRS2025/wrs_ws/src/choreonoid_ros2_sample_drone_tutorial/install/choreonoid_ros2_sample_drone_tutorial/share/choreonoid_ros2_sample_drone_tutorial/project/sample_drone.cnoid
-- Symlinking: /home/areno/inSectWRS2025/wrs_ws/src/choreonoid_ros2_sample_drone_tutorial/install/choreonoid_ros2_sample_drone_tutorial/share/choreonoid_ros2_sample_drone_tutorial/project/sample_drone_teleop.cnoid
-- Symlinking: /home/areno/inSectWRS2025/wrs_ws/src/choreonoid_ros2_sample_drone_tutorial/install/choreonoid_ros2_sample_drone_tutorial/share/choreonoid_ros2_sample_drone_tutorial/launch/flight_control_launch.xml
-- Symlinking: /home/areno/inSectWRS2025/wrs_ws/src/choreonoid_ros2_sample_drone_tutorial/install/choreonoid_ros2_sample_drone_tutorial/share/choreonoid_ros2_sample_drone_tutorial/launch/flight_control_teleop_launch.xml
-- Symlinking: /home/areno/inSectWRS2025/wrs_ws/src/choreonoid_ros2_sample_drone_tutorial/install/choreonoid_ros2_sample_drone_tutorial/share/choreonoid_ros2_sample_drone_tutorial/model/sample_drone.body
